---
source: crates/tytanic-utils/src/ui.rs
expression: str
---
  Hello

  World
